src/app/[locale]/favorites/page.tsx(4,22): error TS2307: Cannot find module '@/src/i18n/routing' or its corresponding type declarations.
src/app/[locale]/favorites/page.tsx(6,24): error TS2307: Cannot find module '@/src/components/ui/button' or its corresponding type declarations.
src/app/[locale]/favorites/page.tsx(7,35): error TS2307: Cannot find module '@/src/components/ui/card' or its corresponding type declarations.
src/app/[locale]/favorites/page.tsx(8,23): error TS2307: Cannot find module '@/src/components/ui/badge' or its corresponding type declarations.
src/app/[locale]/favorites/page.tsx(48,5): error TS17004: Cannot use JSX unless the '--jsx' flag is provided.
src/app/[locale]/favorites/page.tsx(49,7): error TS17004: Cannot use JSX unless the '--jsx' flag is provided.
src/app/[locale]/favorites/page.tsx(50,9): error TS17004: Cannot use JSX unless the '--jsx' flag is provided.
src/app/[locale]/favorites/page.tsx(51,11): error TS17004: Cannot use JSX unless the '--jsx' flag is provided.
src/app/[locale]/favorites/page.tsx(52,13): error TS17004: Cannot use JSX unless the '--jsx' flag is provided.
src/app/[locale]/favorites/page.tsx(54,11): error TS17004: Cannot use JSX unless the '--jsx' flag is provided.
src/app/[locale]/favorites/page.tsx(55,11): error TS17004: Cannot use JSX unless the '--jsx' flag is provided.
src/app/[locale]/favorites/page.tsx(59,11): error TS17004: Cannot use JSX unless the '--jsx' flag is provided.
src/app/[locale]/favorites/page.tsx(60,13): error TS17004: Cannot use JSX unless the '--jsx' flag is provided.
src/app/[locale]/favorites/page.tsx(61,13): error TS17004: Cannot use JSX unless the '--jsx' flag is provided.
src/app/[locale]/favorites/page.tsx(62,13): error TS17004: Cannot use JSX unless the '--jsx' flag is provided.
src/app/[locale]/favorites/page.tsx(63,13): error TS17004: Cannot use JSX unless the '--jsx' flag is provided.
src/app/[locale]/favorites/page.tsx(64,15): error TS17004: Cannot use JSX unless the '--jsx' flag is provided.
src/app/[locale]/favorites/page.tsx(65,17): error TS17004: Cannot use JSX unless the '--jsx' flag is provided.
src/app/[locale]/favorites/page.tsx(70,11): error TS17004: Cannot use JSX unless the '--jsx' flag is provided.
src/app/[locale]/favorites/page.tsx(72,15): error TS17004: Cannot use JSX unless the '--jsx' flag is provided.
src/app/[locale]/favorites/page.tsx(73,17): error TS17004: Cannot use JSX unless the '--jsx' flag is provided.
src/app/[locale]/favorites/page.tsx(74,19): error TS17004: Cannot use JSX unless the '--jsx' flag is provided.
src/app/[locale]/favorites/page.tsx(75,21): error TS17004: Cannot use JSX unless the '--jsx' flag is provided.
src/app/[locale]/favorites/page.tsx(76,23): error TS17004: Cannot use JSX unless the '--jsx' flag is provided.
src/app/[locale]/favorites/page.tsx(77,23): error TS17004: Cannot use JSX unless the '--jsx' flag is provided.
src/app/[locale]/favorites/page.tsx(78,43): error TS17004: Cannot use JSX unless the '--jsx' flag is provided.
src/app/[locale]/favorites/page.tsx(79,47): error TS17004: Cannot use JSX unless the '--jsx' flag is provided.
src/app/[locale]/favorites/page.tsx(80,44): error TS17004: Cannot use JSX unless the '--jsx' flag is provided.
src/app/[locale]/favorites/page.tsx(83,21): error TS17004: Cannot use JSX unless the '--jsx' flag is provided.
src/app/[locale]/favorites/page.tsx(87,19): error TS17004: Cannot use JSX unless the '--jsx' flag is provided.
src/app/[locale]/favorites/page.tsx(88,21): error TS17004: Cannot use JSX unless the '--jsx' flag is provided.
src/app/[locale]/favorites/page.tsx(89,21): error TS17004: Cannot use JSX unless the '--jsx' flag is provided.
src/app/[locale]/favorites/page.tsx(90,23): error TS17004: Cannot use JSX unless the '--jsx' flag is provided.
src/app/[locale]/favorites/page.tsx(91,45): error TS17004: Cannot use JSX unless the '--jsx' flag is provided.
src/app/[locale]/orders/page.tsx(5,27): error TS2307: Cannot find module '@/src/i18n/routing' or its corresponding type declarations.
src/app/[locale]/orders/page.tsx(6,31): error TS2307: Cannot find module '@/src/store/api/authApi' or its corresponding type declarations.
src/app/[locale]/orders/page.tsx(7,96): error TS2307: Cannot find module '@/src/store/api/orderApi' or its corresponding type declarations.
src/app/[locale]/orders/page.tsx(8,24): error TS2307: Cannot find module '@/src/components/ui/button' or its corresponding type declarations.
src/app/[locale]/orders/page.tsx(9,35): error TS2307: Cannot find module '@/src/components/ui/card' or its corresponding type declarations.
src/app/[locale]/orders/page.tsx(10,23): error TS2307: Cannot find module '@/src/components/ui/badge' or its corresponding type declarations.
src/app/[locale]/orders/page.tsx(12,20): error TS2307: Cannot find module '@/lib/utils' or its corresponding type declarations.
src/app/[locale]/orders/page.tsx(59,5): error TS17004: Cannot use JSX unless the '--jsx' flag is provided.
src/app/[locale]/orders/page.tsx(60,7): error TS17004: Cannot use JSX unless the '--jsx' flag is provided.
src/app/[locale]/orders/page.tsx(61,9): error TS17004: Cannot use JSX unless the '--jsx' flag is provided.
src/app/[locale]/orders/page.tsx(62,11): error TS17004: Cannot use JSX unless the '--jsx' flag is provided.
src/app/[locale]/orders/page.tsx(63,13): error TS17004: Cannot use JSX unless the '--jsx' flag is provided.
src/app/[locale]/orders/page.tsx(65,11): error TS17004: Cannot use JSX unless the '--jsx' flag is provided.
src/app/[locale]/orders/page.tsx(66,11): error TS17004: Cannot use JSX unless the '--jsx' flag is provided.
src/app/[locale]/orders/page.tsx(70,11): error TS17004: Cannot use JSX unless the '--jsx' flag is provided.
src/app/[locale]/orders/page.tsx(71,13): error TS17004: Cannot use JSX unless the '--jsx' flag is provided.
src/app/[locale]/orders/page.tsx(72,13): error TS17004: Cannot use JSX unless the '--jsx' flag is provided.
src/app/[locale]/orders/page.tsx(75,11): error TS17004: Cannot use JSX unless the '--jsx' flag is provided.
src/app/[locale]/orders/page.tsx(80,17): error TS17004: Cannot use JSX unless the '--jsx' flag is provided.
src/app/[locale]/orders/page.tsx(81,19): error TS17004: Cannot use JSX unless the '--jsx' flag is provided.
src/app/[locale]/orders/page.tsx(82,21): error TS17004: Cannot use JSX unless the '--jsx' flag is provided.
src/app/[locale]/orders/page.tsx(83,23): error TS17004: Cannot use JSX unless the '--jsx' flag is provided.
src/app/[locale]/orders/page.tsx(84,25): error TS17004: Cannot use JSX unless the '--jsx' flag is provided.
src/app/[locale]/orders/page.tsx(85,27): error TS17004: Cannot use JSX unless the '--jsx' flag is provided.
src/app/[locale]/orders/page.tsx(94,27): error TS17004: Cannot use JSX unless the '--jsx' flag is provided.
src/app/[locale]/orders/page.tsx(96,25): error TS17004: Cannot use JSX unless the '--jsx' flag is provided.
src/app/[locale]/orders/page.tsx(97,25): error TS17004: Cannot use JSX unless the '--jsx' flag is provided.
src/app/[locale]/orders/page.tsx(100,23): error TS17004: Cannot use JSX unless the '--jsx' flag is provided.
src/app/[locale]/orders/page.tsx(102,27): error TS17004: Cannot use JSX unless the '--jsx' flag is provided.
src/app/[locale]/orders/page.tsx(104,31): error TS17004: Cannot use JSX unless the '--jsx' flag is provided.
src/app/[locale]/orders/page.tsx(105,33): error TS17004: Cannot use JSX unless the '--jsx' flag is provided.
src/app/[locale]/orders/page.tsx(106,33): error TS17004: Cannot use JSX unless the '--jsx' flag is provided.
src/app/[locale]/orders/page.tsx(110,31): error TS17004: Cannot use JSX unless the '--jsx' flag is provided.
src/app/[locale]/orders/page.tsx(114,25): error TS17004: Cannot use JSX unless the '--jsx' flag is provided.
src/app/[locale]/orders/page.tsx(115,27): error TS17004: Cannot use JSX unless the '--jsx' flag is provided.
src/app/[locale]/orders/page.tsx(125,11): error TS17004: Cannot use JSX unless the '--jsx' flag is provided.
src/app/[locale]/orders/page.tsx(126,13): error TS17004: Cannot use JSX unless the '--jsx' flag is provided.
src/app/[locale]/orders/page.tsx(127,13): error TS17004: Cannot use JSX unless the '--jsx' flag is provided.
src/app/[locale]/orders/page.tsx(128,13): error TS17004: Cannot use JSX unless the '--jsx' flag is provided.
